// Jest Snapshot v1, https://goo.gl/fbAQLP

exports[`components | Flex should match the snapshot 1`] = `
<DocumentFragment>
  <div
    class="Flex-sc-1vrf9e3-0 kdGXrE"
  />
</DocumentFragment>
`;
