// Jest Snapshot v1, https://goo.gl/fbAQLP

exports[`components | Text should match the snapshot 1`] = `
<DocumentFragment>
  <p
    class="Text-sc-yw3xjc-0 ihAFkw"
    color="black"
    font-size="1.3rem"
    font-weight="regular"
  />
</DocumentFragment>
`;
