// Jest Snapshot v1, https://goo.gl/fbAQLP

exports[`components | Button should match the snapshot 1`] = `
<DocumentFragment>
  <button
    class="Button-sc-1bt4yv5-0 jGLend"
  />
</DocumentFragment>
`;
