// Jest Snapshot v1, https://goo.gl/fbAQLP

exports[`components | Modal should match the snapshot 1`] = `
<DocumentFragment>
  <div>
    <button
      class="btn btn-danger"
      type="button"
    >
      New conversation
    </button>
  </div>
</DocumentFragment>
`;
