// Jest Snapshot v1, https://goo.gl/fbAQLP

exports[`components | PageContainer should match the snapshot 1`] = `
<DocumentFragment>
  <div
    class="PageContainer-sc-1gdmd4z-0 ewlSdy"
  />
</DocumentFragment>
`;
